\BOOKMARK [0][-]{chapter.1}{Introduction}{}% 1
\BOOKMARK [1][-]{section.1.1}{ELSI: ELectronic Structure Infrastructure}{chapter.1}% 2
\BOOKMARK [1][-]{section.1.2}{Solver Libraries Supported by ELSI}{chapter.1}% 3
\BOOKMARK [1][-]{section.1.3}{Citing ELSI}{chapter.1}% 4
\BOOKMARK [1][-]{section.1.4}{Acknowledgments}{chapter.1}% 5
\BOOKMARK [0][-]{chapter.2}{Installation of ELSI}{}% 6
\BOOKMARK [1][-]{section.2.1}{Prerequisites}{chapter.2}% 7
\BOOKMARK [1][-]{section.2.2}{Quick Start}{chapter.2}% 8
\BOOKMARK [1][-]{section.2.3}{Configuration}{chapter.2}% 9
\BOOKMARK [2][-]{subsection.2.3.1}{Compilers}{section.2.3}% 10
\BOOKMARK [2][-]{subsection.2.3.2}{Solvers}{section.2.3}% 11
\BOOKMARK [2][-]{subsection.2.3.3}{Tests}{section.2.3}% 12
\BOOKMARK [2][-]{subsection.2.3.4}{List of All Configure Options}{section.2.3}% 13
\BOOKMARK [1][-]{section.2.4}{Importing ELSI into Third-Party Code Projects}{chapter.2}% 14
\BOOKMARK [2][-]{subsection.2.4.1}{Linking against ELSI: CMake}{section.2.4}% 15
\BOOKMARK [2][-]{subsection.2.4.2}{Linking against ELSI: Makefile}{section.2.4}% 16
\BOOKMARK [2][-]{subsection.2.4.3}{Using ELSI}{section.2.4}% 17
\BOOKMARK [0][-]{chapter.3}{The ELSI API}{}% 18
\BOOKMARK [1][-]{section.3.1}{Overview of the ELSI API}{chapter.3}% 19
\BOOKMARK [1][-]{section.3.2}{Setting Up ELSI}{chapter.3}% 20
\BOOKMARK [2][-]{subsection.3.2.1}{Initializing ELSI}{section.3.2}% 21
\BOOKMARK [2][-]{subsection.3.2.2}{Setting Up MPI}{section.3.2}% 22
\BOOKMARK [2][-]{subsection.3.2.3}{Setting Up Matrix Formats}{section.3.2}% 23
\BOOKMARK [2][-]{subsection.3.2.4}{Setting Up Multiple k-points and/or Spin Channels}{section.3.2}% 24
\BOOKMARK [2][-]{subsection.3.2.5}{Re-initializing ELSI}{section.3.2}% 25
\BOOKMARK [2][-]{subsection.3.2.6}{Finalizing ELSI}{section.3.2}% 26
\BOOKMARK [1][-]{section.3.3}{Solving Eigenvalues and Eigenvectors}{chapter.3}% 27
\BOOKMARK [1][-]{section.3.4}{Computing Density Matrices}{chapter.3}% 28
\BOOKMARK [1][-]{section.3.5}{Customizing ELSI}{chapter.3}% 29
\BOOKMARK [2][-]{subsection.3.5.1}{Customizing the ELSI Interface}{section.3.5}% 30
\BOOKMARK [2][-]{subsection.3.5.2}{Customizing the ELPA Solver}{section.3.5}% 31
\BOOKMARK [2][-]{subsection.3.5.3}{Customizing the libOMM Solver}{section.3.5}% 32
\BOOKMARK [2][-]{subsection.3.5.4}{Customizing the PEXSI Solver}{section.3.5}% 33
\BOOKMARK [2][-]{subsection.3.5.5}{Customizing the EigenExa Solver}{section.3.5}% 34
\BOOKMARK [2][-]{subsection.3.5.6}{Customizing the SLEPc-SIPs Solver}{section.3.5}% 35
\BOOKMARK [2][-]{subsection.3.5.7}{Customizing the NTPoly Solver}{section.3.5}% 36
\BOOKMARK [2][-]{subsection.3.5.8}{Customizing the MAGMA Solver}{section.3.5}% 37
\BOOKMARK [2][-]{subsection.3.5.9}{Customizing the ChASE Solver}{section.3.5}% 38
\BOOKMARK [1][-]{section.3.6}{Getting Additional Results from ELSI}{chapter.3}% 39
\BOOKMARK [2][-]{subsection.3.6.1}{Getting Results from the ELSI Interface}{section.3.6}% 40
\BOOKMARK [2][-]{subsection.3.6.2}{Getting Results from the PEXSI Solver}{section.3.6}% 41
\BOOKMARK [2][-]{subsection.3.6.3}{Extrapolation of Wavefunctions and Density Matrices}{section.3.6}% 42
\BOOKMARK [1][-]{section.3.7}{Parallel Matrix I/O}{chapter.3}% 43
\BOOKMARK [2][-]{subsection.3.7.1}{Setting Up Matrix I/O}{section.3.7}% 44
\BOOKMARK [2][-]{subsection.3.7.2}{Writing Matrices}{section.3.7}% 45
\BOOKMARK [2][-]{subsection.3.7.3}{Reading Matrices}{section.3.7}% 46
\BOOKMARK [1][-]{section.3.8}{C/C++ Interface}{chapter.3}% 47
\BOOKMARK [1][-]{section.3.9}{Example Pseudo-Code}{chapter.3}% 48
